# Constructed from biom file
#OTU ID	NTC-PC83292-C-11	SC718268	SC829823	SC829824	SC830324	SC830344	SC830345	SC830366	SD035677	SD035679	Water-PC83292-B-11
65d43491988bfe557da4d86a5ba25dae	0.0	10170.0	10.0	13479.0	13933.0	0.0	14464.0	18539.0	31091.0	21443.0	0.0
d46e2205f0c6ecf67b51f83d111c509c	0.0	5128.0	14195.0	14725.0	13067.0	12951.0	13155.0	10076.0	11426.0	5854.0	0.0
4cbfff144d4e7a4e0f4619ed505be070	0.0	5806.0	0.0	19103.0	16451.0	0.0	16679.0	12640.0	10579.0	4811.0	0.0
8ae518dbb29595b3f79214be0b589066	0.0	8360.0	0.0	5800.0	4323.0	0.0	5388.0	16926.0	17916.0	5997.0	0.0
a4cbe987942964b584e95e4efab6a176	0.0	9544.0	0.0	14169.0	16850.0	0.0	11463.0	10170.0	0.0	0.0	0.0
9908fffab7ed4f3bec44cda2f5084d49	0.0	5565.0	0.0	5515.0	3716.0	0.0	4743.0	10010.0	4024.0	3413.0	0.0
581a55014641e1cd55cdc272c0365a28	0.0	5179.0	0.0	7986.0	9120.0	0.0	8677.0	2680.0	0.0	0.0	0.0
44638281c0a8a53e37d1e4ef31260791	0.0	0.0	16727.0	0.0	0.0	13370.0	0.0	0.0	0.0	0.0	0.0
d8e7f9181e4d5a4a6453e9ca9996a43f	0.0	0.0	10256.0	0.0	0.0	9617.0	0.0	0.0	0.0	0.0	0.0
ff9d93d7b7e46787568f2d241caeaf3b	0.0	2416.0	0.0	2218.0	5457.0	0.0	2317.0	2386.0	89.0	740.0	0.0
f483115cf9def110ac01dc2ddc065a6c	0.0	0.0	7115.0	0.0	0.0	7932.0	0.0	0.0	0.0	0.0	0.0
73ceb1489b7a47fae1192283a4330fcd	0.0	0.0	0.0	0.0	0.0	0.0	0.0	0.0	10316.0	3246.0	0.0
48246b976d5804a3c4c713914edd76d7	0.0	0.0	0.0	0.0	0.0	0.0	0.0	0.0	5376.0	7440.0	0.0
c67445ed68d61f49e41b7bdd1de019fb	0.0	0.0	6499.0	0.0	0.0	6238.0	0.0	0.0	0.0	0.0	0.0
9d5054752ed33d6a22bd0f96b5618b1c	0.0	0.0	6796.0	0.0	0.0	5764.0	3.0	0.0	0.0	0.0	0.0
11c6abaafa7ba53a4d1a06ea9f7db98a	0.0	0.0	0.0	0.0	0.0	0.0	0.0	0.0	3894.0	8540.0	0.0
ddfd49f939f92958b1ec816741055348	0.0	0.0	5633.0	0.0	0.0	6609.0	0.0	0.0	0.0	0.0	0.0
bd2ad00d586fbb853586dae6812f7b24	0.0	0.0	6176.0	0.0	0.0	5792.0	0.0	0.0	0.0	0.0	0.0
569653b1659271a290facfcedd0de061	0.0	0.0	6709.0	0.0	0.0	5165.0	0.0	0.0	0.0	0.0	0.0
8224351b2abd16dd4d58c3015ff5e795	0.0	0.0	0.0	0.0	0.0	0.0	0.0	0.0	1534.0	7433.0	0.0
ea403646ed22d679fa4586263d8fc32f	0.0	0.0	0.0	0.0	0.0	0.0	0.0	0.0	826.0	6859.0	0.0
107273e73071282e4d0f4a0b46548da5	0.0	0.0	0.0	0.0	0.0	0.0	0.0	0.0	3683.0	3954.0	0.0
2c16378eb83fb581fa19dc7850ef14e4	0.0	0.0	4213.0	0.0	0.0	3186.0	0.0	0.0	0.0	0.0	0.0
945184b6386c192c0066e0a98a154780	0.0	0.0	0.0	0.0	0.0	0.0	0.0	0.0	3677.0	3316.0	0.0
5509728c192071867b52bc7165eda7f3	0.0	0.0	2970.0	0.0	0.0	2601.0	0.0	0.0	0.0	0.0	0.0
27f098662c8f87b4aaff903d9c0f28d3	0.0	0.0	2498.0	0.0	0.0	2537.0	0.0	0.0	0.0	0.0	0.0
f7447c8e079023f4f2579d8580575dd3	0.0	0.0	2517.0	0.0	0.0	2406.0	0.0	0.0	0.0	0.0	0.0
4a942fd3d99a10dfc631d37a063c043e	0.0	0.0	0.0	0.0	0.0	0.0	0.0	0.0	2487.0	1572.0	0.0
a333ee090a52b582e1a0e2dd776eb937	0.0	0.0	2055.0	0.0	0.0	1729.0	0.0	0.0	0.0	0.0	0.0
33518e48b174ac428cb7be1a216c6c6e	0.0	0.0	1931.0	0.0	0.0	1040.0	0.0	0.0	0.0	0.0	0.0
d562f63f002b432f6632e40415b8c57f	0.0	0.0	780.0	0.0	0.0	780.0	0.0	0.0	0.0	0.0	0.0
9639a3291729a3758207b47715d9205f	0.0	0.0	739.0	0.0	0.0	676.0	0.0	0.0	0.0	0.0	0.0
506efac48dc5d5be2c0122c381639a3f	0.0	0.0	791.0	0.0	0.0	585.0	0.0	0.0	0.0	0.0	0.0
35cbb315e019e0a8768d4b73862df415	0.0	0.0	478.0	0.0	0.0	783.0	0.0	0.0	0.0	0.0	0.0
ecc423b8fefd03a92aa1a97fc74a654c	0.0	0.0	0.0	0.0	0.0	0.0	0.0	0.0	529.0	518.0	0.0
3e86e9620a4aceb493a34d5c47723513	0.0	1039.0	0.0	0.0	0.0	0.0	0.0	0.0	0.0	0.0	0.0
44608abf008f460f6311d91186ad9928	0.0	0.0	583.0	0.0	0.0	451.0	0.0	0.0	0.0	0.0	0.0
e61859187c5041260b401fe638aedf47	0.0	0.0	524.0	0.0	0.0	358.0	0.0	0.0	0.0	0.0	0.0
cb9d64ad78fab4cdb5b990e951460a2c	0.0	0.0	402.0	0.0	0.0	393.0	0.0	0.0	0.0	0.0	0.0
cffbe01a90a30b25cbe5b6d5f1d0a234	0.0	0.0	304.0	0.0	0.0	176.0	0.0	0.0	0.0	0.0	0.0
06f825b512d903b9230e1a55d87359ee	0.0	34.0	55.0	38.0	47.0	48.0	18.0	30.0	75.0	48.0	13.0
eaa8c65cb4ccf4c015caf9728e6e66fb	0.0	0.0	257.0	0.0	0.0	131.0	0.0	0.0	0.0	0.0	0.0
16f6aee4190ec850527279c50fbed2b7	0.0	0.0	151.0	0.0	0.0	162.0	0.0	0.0	0.0	0.0	0.0
b645d74d8ee7ce5de96870f70c50ae6d	0.0	0.0	96.0	0.0	0.0	125.0	0.0	0.0	0.0	0.0	0.0
394eda29c886632f514dd94b58381186	0.0	0.0	22.0	17.0	0.0	17.0	18.0	32.0	71.0	13.0	3.0
85c44c83eddc5d3028261a1000b7d0e1	0.0	0.0	14.0	16.0	26.0	11.0	0.0	35.0	0.0	8.0	0.0
32f8fd11d2bee278d609a1d4ab767554	0.0	0.0	13.0	5.0	13.0	8.0	7.0	0.0	14.0	5.0	0.0
d83f60183d81253a505beaeef3cd168f	0.0	0.0	0.0	7.0	11.0	0.0	8.0	0.0	0.0	9.0	0.0
1c4234c44fe7816eb5f9785039f9c7fe	0.0	18.0	0.0	0.0	4.0	0.0	0.0	0.0	0.0	0.0	0.0
4f5efd25dacb5d639316e7291ff6ff8b	0.0	0.0	0.0	0.0	9.0	7.0	0.0	0.0	0.0	0.0	0.0
fd496fd32dc8c08ade2e8b6c9d8ee13d	0.0	0.0	0.0	0.0	0.0	10.0	0.0	0.0	0.0	0.0	4.0
acebaf0e1d8b741c8a7b36c5bf093863	11.0	0.0	0.0	0.0	0.0	0.0	0.0	0.0	0.0	0.0	0.0
59cad5bca75a360ccd35acf213202427	9.0	0.0	0.0	0.0	0.0	0.0	0.0	0.0	0.0	0.0	0.0
5a7b179b1b45f0fe2282f260bf073f60	0.0	0.0	8.0	0.0	0.0	0.0	0.0	0.0	0.0	0.0	0.0
c4cfdf9192dcefd7ea8c25b60c878d3a	0.0	0.0	0.0	0.0	0.0	8.0	0.0	0.0	0.0	0.0	0.0
e502ebea2a54a6f839d310d6d57e7d47	0.0	0.0	0.0	0.0	0.0	0.0	0.0	0.0	0.0	8.0	0.0
def5b6d8524e4fc6941620c712f1074d	0.0	0.0	3.0	0.0	0.0	0.0	0.0	0.0	0.0	0.0	0.0