sample-id,absolute-filepath,direction
NTC-PC04924-H-12,/DCEG/CGF/Sequencing/Illumina/MiSeq/PostRun_Analysis/Data/180112_M01354_0104_000000000-BFN3F/CASAVA/L1/Project_NP0084-MB4/Sample_NTC-PC04924-H-12/NTC-PC04924-H-12_GCTCGAAGATCG_L001_R1_001.fastq.gz,forward
NTC-PC04924-H-12,/DCEG/CGF/Sequencing/Illumina/MiSeq/PostRun_Analysis/Data/180112_M01354_0104_000000000-BFN3F/CASAVA/L1/Project_NP0084-MB4/Sample_NTC-PC04924-H-12/NTC-PC04924-H-12_GCTCGAAGATCG_L001_R2_001.fastq.gz,reverse
SC249407,/DCEG/CGF/Sequencing/Illumina/MiSeq/PostRun_Analysis/Data/180112_M01354_0104_000000000-BFN3F/CASAVA/L1/Project_NP0084-MB4/Sample_SC249407/SC249407_TCTGTTGCTCTC_L001_R1_001.fastq.gz,forward
SC249407,/DCEG/CGF/Sequencing/Illumina/MiSeq/PostRun_Analysis/Data/180112_M01354_0104_000000000-BFN3F/CASAVA/L1/Project_NP0084-MB4/Sample_SC249407/SC249407_TCTGTTGCTCTC_L001_R2_001.fastq.gz,reverse
SC249411-PC04924-F-05,/DCEG/CGF/Sequencing/Illumina/MiSeq/PostRun_Analysis/Data/180112_M01354_0104_000000000-BFN3F/CASAVA/L1/Project_NP0084-MB4/Sample_SC249411-PC04924-F-05/SC249411-PC04924-F-05_GTCCGAAACACT_L001_R1_001.fastq.gz,forward
SC249411-PC04924-F-05,/DCEG/CGF/Sequencing/Illumina/MiSeq/PostRun_Analysis/Data/180112_M01354_0104_000000000-BFN3F/CASAVA/L1/Project_NP0084-MB4/Sample_SC249411-PC04924-F-05/SC249411-PC04924-F-05_GTCCGAAACACT_L001_R2_001.fastq.gz,reverse
