sample-id,absolute-filepath,direction
NTC-PC04925-H-12,/DCEG/CGF/Sequencing/Illumina/MiSeq/PostRun_Analysis/Data/180112_M03599_0134_000000000-BFD9Y/CASAVA/L1/Project_NP0084-MB4/Sample_NTC-PC04925-H-12/NTC-PC04925-H-12_GCTCGAAGATCG_L001_R1_001.fastq.gz,forward
NTC-PC04925-H-12,/DCEG/CGF/Sequencing/Illumina/MiSeq/PostRun_Analysis/Data/180112_M03599_0134_000000000-BFD9Y/CASAVA/L1/Project_NP0084-MB4/Sample_NTC-PC04925-H-12/NTC-PC04925-H-12_GCTCGAAGATCG_L001_R2_001.fastq.gz,reverse
