sample-id,absolute-filepath,direction
NTC-PC22192-D-12,/DCEG/CGF/Sequencing/Illumina/MiSeq/PostRun_Analysis/Data/190617_M01354_0118_000000000-CHFG3/CASAVA/L1/Project_NP0084-MB6/Sample_NTC-PC22192-D-12/NTC-PC22192-D-12_CACATCTAACAC_L001_R1_001.fastq.gz,forward
NTC-PC22192-D-12,/DCEG/CGF/Sequencing/Illumina/MiSeq/PostRun_Analysis/Data/190617_M01354_0118_000000000-CHFG3/CASAVA/L1/Project_NP0084-MB6/Sample_NTC-PC22192-D-12/NTC-PC22192-D-12_CACATCTAACAC_L001_R2_001.fastq.gz,reverse
