sample-id,absolute-filepath,direction
NTC-PC07578-H-12,/DCEG/CGF/Sequencing/Illumina/MiSeq/PostRun_Analysis/Data/180328_M01354_0106_000000000-BFMHC/CASAVA/L1/Project_NP0084-MB5/Sample_NTC-PC07578-H-12/NTC-PC07578-H-12_GCTCGAAGATCG_L001_R1_001.fastq.gz,forward
NTC-PC07578-H-12,/DCEG/CGF/Sequencing/Illumina/MiSeq/PostRun_Analysis/Data/180328_M01354_0106_000000000-BFMHC/CASAVA/L1/Project_NP0084-MB5/Sample_NTC-PC07578-H-12/NTC-PC07578-H-12_GCTCGAAGATCG_L001_R2_001.fastq.gz,reverse
SC249411,/DCEG/CGF/Sequencing/Illumina/MiSeq/PostRun_Analysis/Data/180328_M01354_0106_000000000-BFMHC/CASAVA/L1/Project_NP0084-MB5/Sample_SC249411/SC249411_GCTCAGTGCAGA_L001_R1_001.fastq.gz,forward
SC249411,/DCEG/CGF/Sequencing/Illumina/MiSeq/PostRun_Analysis/Data/180328_M01354_0106_000000000-BFMHC/CASAVA/L1/Project_NP0084-MB5/Sample_SC249411/SC249411_GCTCAGTGCAGA_L001_R2_001.fastq.gz,reverse
SC249414,/DCEG/CGF/Sequencing/Illumina/MiSeq/PostRun_Analysis/Data/180328_M01354_0106_000000000-BFMHC/CASAVA/L1/Project_NP0084-MB5/Sample_SC249414/SC249414_TCAAGCTCAAGC_L001_R1_001.fastq.gz,forward
SC249414,/DCEG/CGF/Sequencing/Illumina/MiSeq/PostRun_Analysis/Data/180328_M01354_0106_000000000-BFMHC/CASAVA/L1/Project_NP0084-MB5/Sample_SC249414/SC249414_TCAAGCTCAAGC_L001_R2_001.fastq.gz,reverse
